[2026-01-04 21:33:51,721] 22 root - INFO - Data Ingestion has started
[2026-01-04 21:33:51,721] 24 root - INFO - Data reading using pandas from local file system
[2026-01-04 21:33:51,738] 26 root - INFO - Data reading has been completed
[2026-01-04 21:33:51,790] 30 root - INFO - Raw data store successfully
[2026-01-04 21:33:51,794] 33 root - INFO - Raw data has been split into train and test data set!!
[2026-01-04 21:33:51,834] 36 root - INFO - train data store successfully
[2026-01-04 21:33:51,844] 39 root - INFO - Test data store successfully
[2026-01-04 21:33:51,844] 40 root - INFO - Data Ingestion is completed
[2026-01-04 21:33:51,845] 31 root - INFO - This is repo path /media/antar-chandra-nath/Media/Poridhi/Project/Modular-Workflow-and-Project-Setup-Basics/feature_repo
[2026-01-04 21:33:51,845] 50 root - INFO - Feature store configuration written to /media/antar-chandra-nath/Media/Poridhi/Project/Modular-Workflow-and-Project-Setup-Basics/feature_repo/feature_store.yaml
[2026-01-04 21:33:51,845] 54 root - INFO - Feature store configuration content:
project: income_prediction
registry: data/registry.db
provider: local
online_store:
  type: sqlite
offline_store:
  type: file
entity_key_serialization_version: 2
[2026-01-04 21:33:52,100] 58 root - INFO - Feature store initialized successfully.
[2026-01-04 21:33:52,116] 109 root - INFO - Read Train and Test data completed.
[2026-01-04 21:33:52,116] 66 root - INFO - Data transformation has been started.
[2026-01-04 21:33:52,117] 122 root - INFO - Applying preprocessing object on training and testing datasets.
[2026-01-04 21:33:52,159] 127 root - INFO - Starting Feature Store ingestion process.
[2026-01-04 21:33:52,181] 166 root - INFO - Save feature data to feature_repo/data/train_features.parquet successfully.
[2026-01-04 21:33:52,182] 997 feast.infra.registry.registry - INFO - Registry cache expired, so refreshing
[2026-01-04 21:33:52,193] 997 feast.infra.registry.registry - INFO - Registry cache expired, so refreshing
[2026-01-04 21:33:52,194] 204 root - INFO - Applied entity and feature view for train to the feature store successfully.
[2026-01-04 21:33:52,194] 997 feast.infra.registry.registry - INFO - Registry cache expired, so refreshing
[2026-01-04 21:33:52,195] 997 feast.infra.registry.registry - INFO - Registry cache expired, so refreshing
[2026-01-04 21:33:52,195] 997 feast.infra.registry.registry - INFO - Registry cache expired, so refreshing
[2026-01-04 21:33:52,196] 997 feast.infra.registry.registry - INFO - Registry cache expired, so refreshing
[2026-01-04 21:33:52,196] 997 feast.infra.registry.registry - INFO - Registry cache expired, so refreshing
[2026-01-04 21:33:52,196] 997 feast.infra.registry.registry - INFO - Registry cache expired, so refreshing
[2026-01-04 21:33:52,196] 997 feast.infra.registry.registry - INFO - Registry cache expired, so refreshing
[2026-01-04 21:33:52,989] 997 feast.infra.registry.registry - INFO - Registry cache expired, so refreshing
[2026-01-04 21:33:52,990] 997 feast.infra.registry.registry - INFO - Registry cache expired, so refreshing
[2026-01-04 21:33:52,990] 997 feast.infra.registry.registry - INFO - Registry cache expired, so refreshing
[2026-01-04 21:33:52,990] 997 feast.infra.registry.registry - INFO - Registry cache expired, so refreshing
[2026-01-04 21:33:55,963] 131 root - INFO - Push train data to feature store
[2026-01-04 21:33:55,969] 166 root - INFO - Save feature data to feature_repo/data/test_features.parquet successfully.
[2026-01-04 21:33:55,969] 997 feast.infra.registry.registry - INFO - Registry cache expired, so refreshing
[2026-01-04 21:33:55,974] 997 feast.infra.registry.registry - INFO - Registry cache expired, so refreshing
[2026-01-04 21:33:55,974] 204 root - INFO - Applied entity and feature view for test to the feature store successfully.
[2026-01-04 21:33:55,974] 997 feast.infra.registry.registry - INFO - Registry cache expired, so refreshing
[2026-01-04 21:33:55,976] 997 feast.infra.registry.registry - INFO - Registry cache expired, so refreshing
[2026-01-04 21:33:55,976] 997 feast.infra.registry.registry - INFO - Registry cache expired, so refreshing
[2026-01-04 21:33:55,976] 997 feast.infra.registry.registry - INFO - Registry cache expired, so refreshing
[2026-01-04 21:33:55,976] 997 feast.infra.registry.registry - INFO - Registry cache expired, so refreshing
[2026-01-04 21:33:55,976] 997 feast.infra.registry.registry - INFO - Registry cache expired, so refreshing
[2026-01-04 21:33:55,976] 997 feast.infra.registry.registry - INFO - Registry cache expired, so refreshing
[2026-01-04 21:33:58,563] 997 feast.infra.registry.registry - INFO - Registry cache expired, so refreshing
[2026-01-04 21:33:58,563] 997 feast.infra.registry.registry - INFO - Registry cache expired, so refreshing
[2026-01-04 21:33:58,563] 997 feast.infra.registry.registry - INFO - Registry cache expired, so refreshing
[2026-01-04 21:33:58,563] 997 feast.infra.registry.registry - INFO - Registry cache expired, so refreshing
[2026-01-04 21:33:59,588] 134 root - INFO - Push test data to feature store
[2026-01-04 21:33:59,986] 868 urllib3.connectionpool - WARNING - Retrying (Retry(total=6, connect=6, read=7, redirect=7, status=7)) after connection broken by 'NewConnectionError("HTTPConnection(host='localhost', port=5000): Failed to establish a new connection: [Errno 111] Connection refused")': /api/2.0/mlflow/experiments/get-by-name?experiment_name=Modular_Workflow_Prediction_Pipeline
[2026-01-04 21:34:04,048] 868 urllib3.connectionpool - WARNING - Retrying (Retry(total=5, connect=5, read=7, redirect=7, status=7)) after connection broken by 'NewConnectionError("HTTPConnection(host='localhost', port=5000): Failed to establish a new connection: [Errno 111] Connection refused")': /api/2.0/mlflow/experiments/get-by-name?experiment_name=Modular_Workflow_Prediction_Pipeline
[2026-01-04 21:34:12,919] 868 urllib3.connectionpool - WARNING - Retrying (Retry(total=4, connect=4, read=7, redirect=7, status=7)) after connection broken by 'NewConnectionError("HTTPConnection(host='localhost', port=5000): Failed to establish a new connection: [Errno 111] Connection refused")': /api/2.0/mlflow/experiments/get-by-name?experiment_name=Modular_Workflow_Prediction_Pipeline
[2026-01-04 21:34:29,773] 868 urllib3.connectionpool - WARNING - Retrying (Retry(total=3, connect=3, read=7, redirect=7, status=7)) after connection broken by 'NewConnectionError("HTTPConnection(host='localhost', port=5000): Failed to establish a new connection: [Errno 111] Connection refused")': /api/2.0/mlflow/experiments/get-by-name?experiment_name=Modular_Workflow_Prediction_Pipeline
[2026-01-04 21:35:02,482] 868 urllib3.connectionpool - WARNING - Retrying (Retry(total=2, connect=2, read=7, redirect=7, status=7)) after connection broken by 'NewConnectionError("HTTPConnection(host='localhost', port=5000): Failed to establish a new connection: [Errno 111] Connection refused")': /api/2.0/mlflow/experiments/get-by-name?experiment_name=Modular_Workflow_Prediction_Pipeline
[2026-01-04 21:36:06,652] 868 urllib3.connectionpool - WARNING - Retrying (Retry(total=1, connect=1, read=7, redirect=7, status=7)) after connection broken by 'NewConnectionError("HTTPConnection(host='localhost', port=5000): Failed to establish a new connection: [Errno 111] Connection refused")': /api/2.0/mlflow/experiments/get-by-name?experiment_name=Modular_Workflow_Prediction_Pipeline
